<td>Allen, Miss Elizabeth Walton</td>
<td>and cook, Miss Amelia Mary "Mildred" Brown<sup id="cite_ref-servant_53-1" class="reference"><a href="#cite_note-servant-53"><span>[</span>53<span>]</span></a></sup></td>
<td>and maid, Miss Sarah Daniels</td>
<td>Allison, Master Hudson Trevor</td>
<td>and nurse, Miss Alice Catherine Cleaver</td>
<td>Anderson, Mr. Harry</td>
<td>Andrews, Miss Kornelia Theodosia</td>
<td>Appleton, Mrs. Charlotte Lane (née Lamson)</td>
<td><a href="/wiki/Madeleine_Astor" title="Madeleine Astor">Astor, Mrs. Madeleine Talmage (née Force)</a><sup id="cite_ref-astorbaby_55-0" class="reference"><a href="#cite_note-astorbaby-55"><span>[</span>55<span>]</span></a></sup><sup id="cite_ref-pregnant_56-0" class="reference"><a href="#cite_note-pregnant-56"><span>[</span>56<span>]</span></a></sup></td>
<td>and maid, Miss Rosalie Bidois</td>
<td>and nurse, Miss Caroline Louise Endres</td>
<td>Aubart, Mrs. Léontine Pauline<sup id="cite_ref-57" class="reference"><a href="#cite_note-57"><span>[</span>57<span>]</span></a></sup></td>
<td>and maid, Miss Emma Sägesser</td>
<td>Barkworth, Mr. Algernon Henry Wilson</td>
<td>Baxter, Mrs. Hélène (née de Lanaudière-Chaput)</td>
<td>Beckwith, Mr. Richard Leonard</td>
<td>Beckwith, Mrs. Sallie (née Monypeny)</td>
<td><a href="/wiki/Karl_Behr" title="Karl Behr">Behr, Mr. Karl Howell</a></td>
<td><a href="/wiki/Dickinson_Bishop" title="Dickinson Bishop">Bishop, Mr. Dickinson H. "Dick"</a></td>
<td>Bishop, Mrs. Helen (née Walton)<sup id="cite_ref-pregnant_56-1" class="reference"><a href="#cite_note-pregnant-56"><span>[</span>56<span>]</span></a></sup><sup id="cite_ref-bishopbaby_59-0" class="reference"><a href="#cite_note-bishopbaby-59"><span>[</span>59<span>]</span></a></sup></td>
<td><a href="/wiki/Mauritz_H%C3%A5kan_Bj%C3%B6rnstr%C3%B6m-Steffansson" title="Mauritz Håkan Björnström-Steffansson">Björnström-Steffanson, Mr. Mauritz Håkan</a></td>
<td>Blank, Mr. Henry</td>
<td>Bonnell, Miss Elizabeth</td>
<td>Bonnell, Miss Caroline</td>
<td><a href="/wiki/Elsie_Bowerman" title="Elsie Bowerman">Bowerman, Miss Elsie Edith</a></td>
<td>Brereton, Mr. George Andrew (alias George A. Brayton)</td>
<td>Brown, Mrs. Caroline Lane (née Lamson)</td>
<td><a href="/wiki/Margaret_Brown" title="Margaret Brown">Brown, Mrs. Margaret (née Tobin)</a></td>
<td>Bucknell, Mrs. Emma Eliza (née Ward)</td>
<td>and maid, Miss Albina Bazzani</td>
<td>Calderhead, Mr. Edward Pennington</td>
<td><a href="/wiki/Helen_Churchill_Candee" title="Helen Churchill Candee">Candee, Mrs. Helen Churchill (née Hungerford)</a></td>
<td><a href="/wiki/Charlotte_Drake_Cardeza" title="Charlotte Drake Cardeza">Cardeza, Mrs. Charlotte Wardle (née Drake)</a></td>
<td>and maid, Miss Annie Moore Ward</td>
<td>Cardeza, Mr. Thomas Drake Martinez</td>
<td>and valet, Mr. Gustave J. Lesueur</td>
<td>Carter, Mr. William Ernest</td>
<td><a href="/wiki/Lucile_Carter" title="Lucile Carter">Carter, Mrs. Lucile (née Polk)</a></td>
<td>and maid, Miss Auguste Serreplan</td>
<td>Carter, Miss Lucile Polk</td>
<td>Carter, Master William Thornton II</td>
<td>Cassebeer, Mrs. Eleanor Genevieve (née Fosdick)</td>
<td>Cavendish, Mrs. Julia Florence (née Siegel)</td>
<td>and maid, Miss Ellen "Nellie" Barber</td>
<td>Chaffee, Mrs. Carrie Constance (née Toogood)</td>
<td>Chambers, Mr. Norman Campbell</td>
<td>Chambers, Mrs. Bertha (née Griggs)</td>
<td><a href="/wiki/Gladys_Cherry" title="Gladys Cherry">Cherry, Miss Gladys</a></td>
<td>Chevré, Mr. Paul Romaine Marie Léonce</td>
<td>Chibnall, Mrs. Edith Martha Bowerman (née Barber)</td>
<td>Clark, Mrs. Virginia Estelle (née McDowell)</td>
<td>Compton, Mrs. Mary Eliza (née Ingersoll)</td>
<td>Compton, Miss Sara Rebecca</td>
<td>Cornell, Mrs. Malvina Helen (née Lamson)</td>
<td>Crosby, Mrs. Catherine Elizabeth (née Halstead)</td>
<td>Crosby, Miss Harriette Rebecca</td>
<td>Cumings, Mrs. Florence Briggs (née Thayer)</td>
<td>Daly, Mr. Peter Dennis</td>
<td>Daniel, Mr. Robert Williams</td>
<td>Davidson, Mrs. Orian (née Hays)</td>
<td>Dick, Mr. Albert Adrian</td>
<td>Dick, Mrs. Vera (née Gillespie)</td>
<td>Dodge, Dr. Washington</td>
<td>Dodge, Mrs. Ruth (née Vidaver)</td>
<td>Dodge, Master Washington, Jr.</td>
<td>Douglas, Mrs. Mahala (née Dutton)</td>
<td>and maid, Miss Berthe Leroy</td>
<td>Douglas, Mrs. Mary Hélène (née Baxter)</td>
<td><a href="/wiki/Sir_Cosmo_Duff-Gordon,_5th_Baronet" title="Sir Cosmo Duff-Gordon, 5th Baronet" class="mw-redirect">Duff Gordon, Sir Cosmo Edmund</a></td>
<td><a href="/wiki/Lucy,_Lady_Duff-Gordon" title="Lucy, Lady Duff-Gordon">Duff Gordon, Lucy Christiana, Lady (née Sutherland)</a></td>
<td>and secretary, Miss Laura Mabel Francatelli</td>
<td>Eustis, Miss Elizabeth Mussey</td>
<td>Flegenheim, Mrs. Antoinette (née Liche)</td>
<td>Flynn, Mr. John Irwin</td>
<td>Fortune, Mrs. Mary (née McDougald)</td>
<td><a href="/wiki/Ethel_Flora_Fortune" title="Ethel Flora Fortune">Fortune, Miss Ethel Flora</a></td>
<td>Fortune, Miss Alice Elizabeth</td>
<td>Fortune, Miss Mabel Helen</td>
<td>Frauenthal, Dr. Henry William</td>
<td>Frauenthal, Mrs. Clara (née Heinsheimer)</td>
<td>Frauenthal, Mr. Isaac Gerald</td>
<td>Frölicher, Mr. Maximilian Josef</td>
<td>Frölicher, Mrs. Margaretha Emerentia (née Stehli)</td>
<td>Frölicher-Stehli, Miss Hedwig Margaritha</td>
<td>Futrelle, Mrs. Lily May (née Peel)</td>
<td>Gibson, Mrs. Pauline Caroline (née Boeson)</td>
<td><a href="/wiki/Dorothy_Gibson" title="Dorothy Gibson">Gibson, Miss Dorothy Winifred</a></td>
<td>Goldenberg, Mr. Samuel L.</td>
<td>Goldenberg, Mrs. Nella (née Wiggins)</td>
<td><a href="/wiki/Archibald_Gracie_IV" title="Archibald Gracie IV">Gracie IV, Colonel Archibald</a></td>
<td>Graham, Mrs. Edith Ware (née Junkins)</td>
<td>Graham, Miss Margaret Edith</td>
<td>and governess, Miss Elizabeth Weed Shutes</td>
<td>Greenfield, Mrs. Blanche (née Strouse)</td>
<td>Greenfield, Mr. William Bertram</td>
<td>Harder, Mr. George Achilles</td>
<td>Harder, Mrs. Dorothy (née Annan)</td>
<td><a href="/wiki/Henry_S._Harper" title="Henry S. Harper">Harper, Mr. Henry Sleeper</a></td>
<td>and dragoman, Mr. Hammad Hassab</td>
<td>Harper, Mrs. Myna (née Haxtun)</td>
<td>Harris, Mrs. Irene (née Wallach)</td>
<td>Hawksford, Mr. Walter James</td>
<td>Hays, Mrs. Clara Jennings (née Grigg)</td>
<td>and maid, Miss Mary Anne Perreault</td>
<td><a href="/wiki/Margaret_Bechstein_Hays" title="Margaret Bechstein Hays">Hays, Miss Margaret Bechstein</a></td>
<td>Hippach, Mrs. Ida Sophia (née Fischer)</td>
<td>Hippach, Miss Jean Gertrude</td>
<td>Holverson, Mrs. Mary Aline (née Towner)</td>
<td>Homer, Mr. Harry (alias E. Haven)</td>
<td>Hoyt, Mr. Frederick Maxfield</td>
<td>Hoyt, Mrs. Jane Anne (née Forby)</td>
<td><a href="/wiki/J._Bruce_Ismay" title="J. Bruce Ismay">Ismay, Mr. Joseph Bruce</a></td>
<td>Kenyon, Mrs. Marion (née Stauffer)<sup id="cite_ref-pregnant_56-2" class="reference"><a href="#cite_note-pregnant-56"><span>[</span>56<span>]</span></a></sup><sup id="cite_ref-kenyonbaby_63-0" class="reference"><a href="#cite_note-kenyonbaby-63"><span>[</span>62<span>]</span></a></sup></td>
<td>Kimball, Mr. Edwin Nelson Jr.</td>
<td>Kimball, Mrs. Gertrude (née Parsons)</td>
<td>Leader, Dr. Alice (née Farnham)</td>
<td><a href="/wiki/No%C3%ABl_Leslie,_Countess_of_Rothes" title="Noël Leslie, Countess of Rothes" class="mw-redirect">Leslie, Lucy Noël Martha, Countess of Rothes (née Dyer-Edwardes)</a></td>
<td>and maid, Miss Roberta Elizabeth Mary "Cissy" Maioni<sup id="cite_ref-maloney_64-0" class="reference"><a href="#cite_note-maloney-64"><span>[</span>63<span>]</span></a></sup></td>
<td>Lindström, Mrs. Sigrid (née Posse)</td>
<td>Lines, Mrs. Elizabeth Lindsey (née James)</td>
<td>Lines, Miss Mary Conover</td>
<td>Longley, Miss Gretchen Fiske</td>
<td>Loring, Mr. Joseph Holland</td>
<td>Maréchal, Mr. Pierre, Sr.</td>
<td>Marvin, Mrs. Mary Graham Carmichael (née Farquarson)<sup id="cite_ref-pregnant_56-3" class="reference"><a href="#cite_note-pregnant-56"><span>[</span>56<span>]</span></a></sup><sup id="cite_ref-marvinbaby_65-0" class="reference"><a href="#cite_note-marvinbaby-65"><span>[</span>64<span>]</span></a></sup></td>
<td>Mayné, Miss Bertha Antonine</td>
<td>McGough, Mr. James Robert</td>
<td>Meyer, Mrs. Leila (née Saks)</td>
<td>Minahan, Mrs. Lillian E. (née Thorpe)</td>
<td>Minahan, Miss Daisy E.</td>
<td>Mock, Mr. Philipp Edmund</td>
<td>Newell, Miss Madeleine</td>
<td><a href="/wiki/Marjorie_Newell_Robb" title="Marjorie Newell Robb">Newell, Miss Marjorie Anne</a></td>
<td>Newsom, Miss Helen Monypeny</td>
<td><a href="/wiki/Alfred_Nourney" title="Alfred Nourney">Nourney, Mr. Alfred</a><sup id="cite_ref-66" class="reference"><a href="#cite_note-66"><span>[</span>65<span>]</span></a></sup><sup id="cite_ref-67" class="reference"><a href="#cite_note-67"><span>[</span>66<span>]</span></a></sup></td>
<td>Omont, Mr. Alfred Fernand</td>
<td>Ostby, Miss Helene Ragnhild</td>
<td>Pears, Mrs. Edith (née Wearne)</td>
<td>Peñasco y Castellana, Mrs. Maria Josefa (née Perez de Soto y Vallejo)</td>
<td>and maid, Doña Fermina Oliva y Ocana</td>
<td><a href="/wiki/Arthur_Godfrey_Peuchen" title="Arthur Godfrey Peuchen">Peuchen, Major Arthur Godfrey</a></td>
<td>Potter, Mrs. Lily Alexenia (née Wilson)</td>
<td>Rheims, Mr. George Alexander Lucien</td>
<td>Robert, Mrs. Elisabeth Walton (née McMillan)</td>
<td>and maid, Miss Emilie Kreuchen</td>
<td>Romaine, Mr. Charles Hallance (alias C. Rolmane)</td>
<td><a href="/wiki/Edith_Rosenbaum" title="Edith Rosenbaum">Rosenbaum, Miss Edith Louise</a></td>
<td>Rothschild, Mrs. Elizabeth Jane Anne (née Barrett)</td>
<td><a href="/wiki/Emily_Ryerson" title="Emily Ryerson">Ryerson, Mrs. Emily Maria (née Borie)</a></td>
<td>and maid, Miss Victorine Chaudanson</td>
<td>Ryerson, Miss Susan Parker "Suzette"</td>
<td>Ryerson, Miss Emily Borie</td>
<td>Ryerson, Master John Borie "Jack"</td>
<td>and governess, Miss Grace Scott Bowen</td>
<td>Saalfeld, Mr. Adolphe</td>
<td>Salomon, Mr. Abraham Lincoln</td>
<td>Schabert, Mrs. Emma (née Mock)</td>
<td><a href="/wiki/Frederic_Kimber_Seward" title="Frederic Kimber Seward">Seward, Mr. Frederic Kimber</a></td>
<td>Silverthorne, Mr. Spencer Victor</td>
<td>Silvey, Mrs. Alice (née Munger)</td>
<td>Simonius-Blumer, Colonel Alfons</td>
<td>Sloper, Mr. William Thompson</td>
<td><a href="/wiki/Eloise_Hughes_Smith" title="Eloise Hughes Smith">Smith, Mrs. Mary Eloise (née Hughes)</a><sup id="cite_ref-pregnant_56-4" class="reference"><a href="#cite_note-pregnant-56"><span>[</span>56<span>]</span></a></sup><sup id="cite_ref-smithbaby_69-0" class="reference"><a href="#cite_note-smithbaby-69"><span>[</span>67<span>]</span></a></sup></td>
<td>Snyder, Mr. John Pillsbury</td>
<td>Snyder, Mrs. Nellie (née Stevenson)</td>
<td>Spedden, Mr. Frederic Oakley</td>
<td>Spedden, Mrs. Margaretta Corning (née Stone)</td>
<td>and maid, Miss Helen Alice Wilson</td>
<td>Spedden, Master Robert Douglas</td>
<td>and nurse, Miss Elizabeth Margaret Burns</td>
<td>Spencer, Mrs. Marie Eugénie (née Demougeot)</td>
<td>and maid, Miss Eugenie Elise Lurette</td>
<td>Stähelin-Maeglin, Dr. Max</td>
<td>Stengel, Mr. Charles Emil Henry</td>
<td>Stengel, Mrs. Annie May (née Morris)</td>
<td>Stephenson, Mrs. Martha (née Eustis)</td>
<td>Stone, Mrs. Martha Evelyn (née Stevens)</td>
<td>and maid, Miss Amelie "Amelia" Icard</td>
<td>and maid, Miss Ellen Bird</td>
<td>Swift, Mrs. Margaret Welles (née Barron)</td>
<td>Taussig, Mrs. Tillie (née Mandelbaum)</td>
<td>Taussig, Miss Ruth</td>
<td>Taylor, Mr. Elmer Zebley</td>
<td>Taylor, Mrs. Juliet Cummins (née Wright)</td>
<td><a href="/wiki/Marian_Thayer" title="Marian Thayer">Thayer, Mrs. Marian Longsteth</a> (née Morris)</td>
<td>and maid, Miss Margaret Fleming</td>
<td><a href="/wiki/Jack_Thayer" title="Jack Thayer">Thayer, Mr. John Borland "Jack" III</a></td>
<td>Thorne, Miss Gertrude Maybelle</td>
<td>Tucker, Mr. Gilbert Milligan Jr.</td>
<td>Warren, Mrs. Anna Sophia (née Atkinson)</td>
<td>White, Mrs. Ella (née Holmes)</td>
<td>and maid, Miss Amelia Mayo "Nellie" Bessette</td>
<td>Wick, Mrs. Mary (née Hitchcock)</td>
<td>Wick, Miss Mary Natalie</td>
<td>Widener, Mrs. Eleanor (née Elkins)</td>
<td>and maid, Miss Amalie Henriette "Emily" Gieger</td>
<td>Willard, Miss Constance</td>
<td><a href="/wiki/R._Norris_Williams" title="R. Norris Williams">Williams, Mr. Richard Norris II</a></td>
<td>Woolner, Mr. Hugh</td>
<td>Young, Miss Marie Grice</td>
<td>Andrew, Mr. Edgar Samuel</td>
<td>Angle, Mrs. Florence Agnes "Mary" (née Hughes)</td>
<td>Ball, Mrs. Ada E. (née Hall)</td>
<td>Beane, Mr. Edward</td>
<td>Beane. Mrs. Ethel (née Clarke)</td>
<td>Becker, Mrs. Nellie E. (née Baumgardner)</td>
<td><a href="/wiki/Ruth_Becker" title="Ruth Becker">Becker, Miss Ruth Elizabeth</a></td>
<td>Becker, Miss Marion Louise</td>
<td>Becker, Master Richard Frederick</td>
<td><a href="/wiki/Lawrence_Beesley" title="Lawrence Beesley">Beesley, Mr. Lawrence</a></td>
<td>Bentham, Miss Lillian W.</td>
<td>Brown, Mrs. Elizabeth Catherine (née Ford)</td>
<td><a href="/wiki/Edith_Haisman" title="Edith Haisman">Brown, Miss Edith Eileen</a></td>
<td>Bryhl, Miss Dagmar Jenny Ingeborg</td>
<td>Buss, Miss Kate</td>
<td>Byström, Miss Karolina</td>
<td>Caldwell, Mr. Albert Francis</td>
<td>Caldwell, Mrs. Sylvia Mae (née Harbaugh)</td>
<td><a href="/wiki/Alden_Caldwell" title="Alden Caldwell">Caldwell, Master Alden Gates</a></td>
<td>Cameron, Miss Clear Annie</td>
<td>Christy, Mrs. Alice Frances</td>
<td>Christy, Miss Rachel Julie Cohen</td>
<td>Clarke, Mrs. Ada Maria</td>
<td>Collett, Mr. Sidney Clarence Stuart</td>
<td>Collyer, Mrs. Charlotte Annie (née Tate)</td>
<td>Collyer, Miss Marjorie Charlotte "Lottie"</td>
<td>Cook, Mrs. Selena (née Rogers)</td>
<td>Davies, Mrs. Elizabeth Agnes Mary (née White)</td>
<td>Davies, Master John Morgan Jr.</td>
<td><a href="/wiki/Mary_Davies_Wilburn" title="Mary Davies Wilburn">Davis, Miss Mary</a></td>
<td>del Carlo, Mrs. Argene (née Genovesi)<sup id="cite_ref-pregnant_56-5" class="reference"><a href="#cite_note-pregnant-56"><span>[</span>56<span>]</span></a></sup><sup id="cite_ref-delcarlobaby_74-0" class="reference"><a href="#cite_note-delcarlobaby-74"><span>[</span>68<span>]</span></a></sup></td>
<td>Doling, Mrs. Ada Julia (née Bone)</td>
<td>Doling, Miss Elsie</td>
<td>Drew, Mrs. Lulu Thorne (née Christian)</td>
<td>Drew, Master Marshall Brines</td>
<td>Duran y More, Miss Florentina</td>
<td>Duran y More, Miss Asunción</td>
<td>Garside, Miss Ethel</td>
<td><span class="sortkey">Hamalainen</span>Hämäläinen, Mrs. Anna (Anna Hamlin)</td>
<td><span class="sortkey">Hamalainen</span>Hämäläinen, Master Viljo Unto Johannes (William Hamlin)</td>
<td>Harper, Miss Annie Jessie "Nina"</td>
<td>Harris, Mr. George</td>
<td>Hart, Mrs. Esther Ada (née Bloomfield)</td>
<td><a href="/wiki/Eva_Hart" title="Eva Hart">Hart, Miss Eva Miriam</a></td>
<td>Herman, Mrs. Jane (née Laver)</td>
<td>Herman, Miss Alice</td>
<td>Herman, Miss Kate</td>
<td>Hewlett, Mrs. Mary Dunbar (née Kingcome)</td>
<td>Hocking, Mrs. Elizabeth "Eliza" (née Neads)</td>
<td>Hocking, Miss Ellen "Nellie"</td>
<td>Hold, Mrs. Annie Margaret (née Hill)</td>
<td><a href="/wiki/Masabumi_Hosono" title="Masabumi Hosono">Hosono, Mr. Masabumi</a></td>
<td>Ilett, Miss Bertha</td>
<td>Jacobsohn, Mrs. Amy Frances Christy (née Cohen)</td>
<td>Jerwan, Mrs. Marie Marthe (née Thuillard)</td>
<td>Kantor, Mrs. Miriam (née Sternin)</td>
<td>Keane, Miss Nora Agnes</td>
<td>Kelly, Miss Florence "Fannie"</td>
<td>Laroche, Mrs. Juliette Marie Louise (née Lafargue)<sup id="cite_ref-pregnant_56-6" class="reference"><a href="#cite_note-pregnant-56"><span>[</span>56<span>]</span></a></sup><sup id="cite_ref-larochebaby_75-0" class="reference"><a href="#cite_note-larochebaby-75"><span>[</span>69<span>]</span></a></sup></td>
<td>Laroche, Miss Simoné Marie Anne Andrée</td>
<td><a href="/wiki/Joseph_Philippe_Lemercier_Laroche" title="Joseph Philippe Lemercier Laroche">Laroche, Miss Louise Marguerite</a></td>
<td>Lehmann, Miss Bertha</td>
<td>Leitch, Miss Jessie Wills</td>
<td>Lemore, Mrs. Amelia "Milley" (née Hunt)</td>
<td>Louch, Mrs. Alice Adelaide (née Slow)</td>
<td>Mallet, Mrs. Antoinette Marie (née Magnin)</td>
<td>Mallet, Master André Clément</td>
<td>Mellinger, Mrs. Elizabeth Anne (née Maidment)</td>
<td>Mellinger, Miss Madeleine Violet</td>
<td>Mellors, Mr. William John</td>
<td>Nassr Allah, Mrs. Adal (née Akim)<sup id="cite_ref-pregnant_56-7" class="reference"><a href="#cite_note-pregnant-56"><span>[</span>56<span>]</span></a></sup><sup id="cite_ref-nasserbaby_77-0" class="reference"><a href="#cite_note-nasserbaby-77"><span>[</span>70<span>]</span></a></sup></td>
<td><a href="/wiki/Michel_Marcel_Navratil" title="Michel Marcel Navratil">Navratil, Master Michel Marcel</a></td>
<td>Navratil, Master Edmond Roger</td>
<td>Nye, Mrs. Elizabeth (née Ramell)</td>
<td>Oxenham, Mr. Percy Thomas</td>
<td>Padron Manent, Mr. Julian</td>
<td>Pallas y Castello, Mr. Emilio</td>
<td>Parrish, Mrs. Lutie Davis (née Temple)</td>
<td>Phillips, Miss Alice Frances Louisa</td>
<td>Phillips, Miss Kate Florence (alias Mrs. Kate Marshall)<sup id="cite_ref-geller_20-2" class="reference"><a href="#cite_note-geller-20"><span>[</span>20<span>]</span></a></sup><sup id="cite_ref-phillipsbaby_78-0" class="reference"><a href="#cite_note-phillipsbaby-78"><span>[</span>71<span>]</span></a></sup></td>
<td>Pinsky, Mrs. Rosa</td>
<td>Portaluppi, Mr. Emilio Ilario Giuseppe</td>
<td>Quick, Mrs. Jane (née Richards)</td>
<td><a href="/wiki/Winnifred_Quick" title="Winnifred Quick">Quick, Miss Winnifred Vera</a></td>
<td>Quick, Miss Phyllis May</td>
<td>Renouf, Mrs. Lillian "Lily" (née Jefferys)</td>
<td>Reynaldo, Miss Encarnación</td>
<td>Richards, Mrs. Emily (née Hocking)</td>
<td>Richards, Master William Rowe</td>
<td>Richards, Master Sibley George</td>
<td>Ridsdale, Miss Lucy</td>
<td>Rugg, Miss Emily</td>
<td>Shelley, Mrs. Imanita (née Parrish Hall)</td>
<td>Silvén, Miss Lyyli Karolina</td>
<td>Sincock, Miss Maude</td>
<td>Sinkkonen, Miss Anna</td>
<td>Sjöstedt, Mr. Ernst Adolf</td>
<td>Slayter, Miss Hilda Mary</td>
<td>Smith, Miss Marion Elsie</td>
<td>Toomey, Miss Ellen Mary</td>
<td>Trout, Mrs. Jessie L.</td>
<td>Troutt, Miss Edwina Celia "Winnie"</td>
<td>Wallcroft, Miss Ellen "Nellie"</td>
<td>Watt, Mrs. Elizabeth Inglis "Bessie" (née Milne)</td>
<td>Watt, Miss Robertha Josephine "Bertha"</td>
<td>Webber, Miss Susan</td>
<td>Weisz, Mrs. Mathilde Françoise (née Pëde)</td>
<td>Wells, Mrs. Addie Dart (née Trevaskis)</td>
<td>Wells, Miss Joan</td>
<td>Wells, Master Ralph Lester</td>
<td>West, Mrs. Ada Mary (née Worth)<sup id="cite_ref-pregnant_56-8" class="reference"><a href="#cite_note-pregnant-56"><span>[</span>56<span>]</span></a></sup><sup id="cite_ref-westbaby_79-0" class="reference"><a href="#cite_note-westbaby-79"><span>[</span>72<span>]</span></a></sup></td>
<td>West, Miss Constance Mirium</td>
<td><a href="/wiki/Barbara_West" title="Barbara West">West, Miss Barbara Joyce</a></td>
<td>Wilhelms, Mr. Charles</td>
<td>Wilkinson, Miss Elizabeth Anne (alias Mrs. Elizabeth Faunthorpe)</td>
<td>Williams, Mr. Charles Eugene</td>
<td>Wright, Miss Marion</td>
<td><a href="/wiki/Rhoda_Abbott" title="Rhoda Abbott">Abbott, Mrs. Rhoda Mary (née Hunt)</a></td>
<td>Abelseth, Miss Karen Marie</td>
<td>Abelseth, Mr. Olaus Jørgensen</td>
<td>Abrahamsson, Mr. Abraham August Johannes</td>
<td>Abrahim, Mrs. Mary Sophie Halaut (née Easu)</td>
<td>Aks, Mrs. Leah (née Rosen)</td>
<td>Aks, Master Frank Philip</td>
<td>Albimona, Mr. Nassef Cassem</td>
<td>Al-Zainni, Mr. Fahim Ruhanna</td>
<td>Andersen-Jensen, Miss Carla Christine</td>
<td>Andersson, Miss Erna Alexandra</td>
<td>Asplund, Mrs. Selma Augusta Emilia (née Johansson)</td>
<td><a href="/wiki/Lillian_Asplund" title="Lillian Asplund">Asplund, Miss Lillian Gertrud</a></td>
<td>Asplund, Master Edvin Rojj Felix</td>
<td>Asplund, Mr. Johan Charles</td>
<td>Assaf, Mrs. Mariyam (née Khalil)</td>
<td>Ayyub Dahir, Miss Bannurah</td>
<td>Backström, Mrs. Maria Mathilda (née Gustafsson)<sup id="cite_ref-pregnant_56-9" class="reference"><a href="#cite_note-pregnant-56"><span>[</span>56<span>]</span></a></sup><sup id="cite_ref-backstrombaby_80-0" class="reference"><a href="#cite_note-backstrombaby-80"><span>[</span>73<span>]</span></a></sup></td>
<td>Badman, Miss Emily Louisa</td>
<td>Banski, Mrs. Mara (née Osman)</td>
<td>Baqlini, Mrs. Mariyam Latifa (née Qurban)</td>
<td>Baqlini, Miss Mariya Katarin</td>
<td>Baqlini, Miss Eujini</td>
<td>Baqlini, Miss Hileni Barbarah</td>
<td>Bradley, Miss Bridget Delia</td>
<td><a href="/wiki/Daniel_Buckley" title="Daniel Buckley">Buckley, Mr. Daniel</a></td>
<td>Butrus-Youssef, Mrs. Katarin (née Rizk)</td>
<td>Butrus-Youssef, Master Makhkhul</td>
<td>Butrus-Youssef, Miss Marianna</td>
<td>Chang, Mr. Chip</td>
<td>Cheong, Mr. Foo</td>
<td>Cohen, Mr. Gershon "Gus"</td>
<td>Connolly, Miss Katherine "Kate"</td>
<td>Corr, Miss Helen</td>
<td>Coutts, Mrs. Mary Winnie (née Trainer)</td>
<td>Coutts, Master William Loch "Willie"</td>
<td>Coutts, Master Neville Leslie</td>
<td>Cribb, Miss Laura Mae</td>
<td>Dahl, Mr. Charles Edwart</td>
<td>Dahl Ms. Helga</td>
<td>Dahl Ms. Jenny</td>
<td>Dahl Mr. Olaf</td>
<td>Dahlberg, Miss Gerda Ulrika</td>
<td>Daly, Miss Margaret "Maggie"</td>
<td>Daly, Mr. Eugene Patrick</td>
<td>De Messemaeker, Mrs. Anna (née de Becker)</td>
<td>de Mulder, Mr. Theodoor</td>
<td>Dean, Mrs. Eva Georgetta (née Light)</td>
<td>Dean, Master Bertram Vere</td>
<td><a href="/wiki/Millvina_Dean" title="Millvina Dean">Dean, Miss Elizabeth Gladys "Millvina"</a></td>
<td><a href="/wiki/Margaret_Devaney" title="Margaret Devaney">Devaney, Miss Margaret Delia</a></td>
<td>Dorking, Mr. Edward Arthur</td>
<td>Dowdell, Miss Elizabeth</td>
<td>Dropkin, Miss Jennie</td>
<td>Duquemin, Mr. Joseph Pierre</td>
<td>Dyker, Mrs. Anna Elisabeth Judith (née Andersson)</td>
<td>Emanuel, Miss Virginia Ethel</td>
<td>Finoli, Mr. Luigi</td>
<td>Gilnagh, Miss Mary Katherine "Katie"</td>
<td>Glynn, Miss Mary Agatha</td>
<td>Goldsmith, Mrs. Emily Alice (née Brown)</td>
<td><a href="/wiki/Frank_John_William_Goldsmith" title="Frank John William Goldsmith">Goldsmith, Master Frank John William</a></td>
<td>Hakkarainen, Mrs. Elin Matilda (née Dolck)</td>
<td>Hanna, Mr. Borak Suleiman</td>
<td>Hansen, Mrs. Jennie Louise (née Howard)</td>
<td>Healy, Miss Hanora (Nora)</td>
<td>Hedman, Mr. Oskar Arvid</td>
<td>Hegarty, Miss Hanora "Nora"</td>
<td>Heikkinen, Miss Laina</td>
<td>Hellström, Miss Hilda Maria</td>
<td>Hirvonen, Mrs. Helga Elisabeth (née Lindqvist)</td>
<td>Hirvonen, Miss Hildur Elisabeth</td>
<td>Honkanen, Miss Eliina</td>
<td>Howard, Miss May Elizabeth</td>
<td>Hyman, Mr. Solomon Abraham</td>
<td>Jalševac, Mr. Ivan</td>
<td>Jansson, Mr. Carl Olof</td>
<td>Jermyn, Miss Annie Jane</td>
<td>Jirjis, Mrs. Shaniini (née Whabee Abi-Saab)</td>
<td>Johannesen, Mr. Bernt Johannes</td>
<td>Johansson Palmquist, Mr. Oskar Leander</td>
<td>Johnson, Mrs. Elisabeth Vilhelmina (née Berg)</td>
<td>Johnson, Master Harold Theodor</td>
<td><a href="/wiki/Eleanor_Ileen_Johnson" title="Eleanor Ileen Johnson">Johnson, Miss Eleanor Ileen</a></td>
<td>Jonsson, Mr. Carl</td>
<td>Jussila, Mr. Eiriik</td>
<td>Karlsson, Mr. Einar Gervasius</td>
<td>Karun, Mr. Franz</td>
<td>Karun, Miss Manca ("Anna")</td>
<td>Kelly, Miss Anna Katherine</td>
<td>Kelly, Miss Mary</td>
<td>Kennedy, Mr. John Joseph</td>
<td>Kink, Mr. Anton</td>
<td>Kink, Mrs. Luise (née Heilmann)</td>
<td><a href="/wiki/Louise_Kink" title="Louise Kink">Kink, Miss Luise Gretchen</a></td>
<td>Krekorian, Mr. Neshan</td>
<td>Lam, Mr. Ali</td>
<td>Landergren, Miss Aurora Adelia</td>
<td>Lang, Mr. Fang</td>
<td>Lee, Mr. Bing</td>
<td>Lindqvist, Mr. Eino William</td>
<td>Ldvigsen Mrs. Aase</td>
<td>Lulic, Mr. Nikola</td>
<td>Lundström, Mr. Thure Edvin</td>
<td>Madigan, Miss Margaret "Maggie"</td>
<td>Madsen, Mr. Fridtjof Arne</td>
<td>Mamee, Mr. Hanna</td>
<td><a href="/wiki/Margaret_Mannion" title="Margaret Mannion">Mannion, Miss Margaret</a></td>
<td>McCarthy, Miss Catherine "Katie"</td>
<td>McCormack, Mr. Thomas Joseph</td>
<td>McCoy, Miss Catherine Agnes</td>
<td>McCoy, Miss Alice</td>
<td>McCoy, Mr. Bernard</td>
<td>McDermott, Miss Bridget Delia</td>
<td>McGovern, Miss Mary</td>
<td>McGowan, Miss Anna F. "Annie"</td>
<td>Midtsjø, Mr. Karl Albert</td>
<td>Mockler, Miss Ellen Mary</td>
<td>Moor, Mrs. Beila</td>
<td>Moor, Master Meier</td>
<td>Moran, Miss Bertha Bridget</td>
<td>Moss, Mr. Albert Johan</td>
<td>Moussa, Mrs. Mantoura</td>
<td>Mubarik, Mrs. Amanah Fa'ud (née Iskandar)</td>
<td>Mubarik, Master Gerios</td>
<td>Mubarik, Master Halim Gonios</td>
<td>Mullen, Miss Katherine "Katie"</td>
<td>Mulvihill, Miss Bridget Elizabeth "Bertha"</td>
<td>Murphy, Miss Catherine "Kate"</td>
<td>Murphy, Miss Margaret Jane "Maggie/Mary"</td>
<td>Murphy, Miss Nora</td>
<td>Muslamani, Mrs. Fatimah</td>
<td>Nackid, Mr. Sahid</td>
<td>Nackid, Miss Waika "Mary" (née Mowad)</td>
<td>Nackid, Miss Maria</td>
<td>Nilsson, Miss Berta Olivia</td>
<td>Nilsson, Miss Helmina Josefina</td>
<td>Niqula-Yarid, Miss Jamilah</td>
<td>Niqula-Yarid, Master Ilyas</td>
<td>Niskänen, Mr. Juha</td>
<td>Nysten, Miss Anna Sofia</td>
<td>O'Brien, Mrs. Johanna "Hannah" (née Godfrey)</td>
<td>O'Driscoll, Miss Bridget</td>
<td>O'Dwyer, Miss Ellen "Nellie"</td>
<td>O'Keefe, Mr. Patrick</td>
<td>O'Leary, Miss Hanora "Nora"</td>
<td><span class="sortkey">Ohman</span>Öhman, Miss Velin</td>
<td>Olsen, Master Arthur Carl</td>
<td>Olsson, Mr. Oskar Wilhelm</td>
<td>Perse Mr. Jamie</td>
<td>Persson, Mr. Ernst Ulrik</td>
<td>Pickard, Mr. Berk (Trembisky)</td>
<td>Riordan, Miss Hannah</td>
<td>Roth, Miss Sarah A.</td>
<td>Ryan, Mr. Edward</td>
<td>Salkjelsvik, Miss Anna Kristine</td>
<td>Sandström, Mrs. Agnes Charlotta (née Bengtsson)</td>
<td>Sandström, Miss Marguerite Rut</td>
<td><a href="/wiki/Beatrice_Sandstr%C3%B6m" title="Beatrice Sandström">Sandström, Miss Beatrice Irene</a></td>
<td>Sap, Mr. Julius (Jules)</td>
<td>Scheerlinck, Mr. Jean Baptiste</td>
<td>Shine, Miss Ellen Natalia</td>
<td>Sjöblom, Miss Anna Sofiia</td>
<td>Smyth, Miss Julia</td>
<td>Stanley, Miss Amy Zillah Elsie</td>
<td>Strandén, Mr. Juho Niilonpoika</td>
<td>Sundman, Mr. Johan Julian</td>
<td>Svensson, Mr. Johan Cervin</td>
<td>Tenglin, Mr. Gunnar Isidor</td>
<td>Tannous, Mrs. Thamini Khoury Fa'ud "Thelma"</td>
<td>Tannous, Master As'ad Iskandar Fa'ud</td>
<td>Thorneycroft, Mrs. Florence Kate (née Stears)</td>
<td><span class="sortkey">Tornquist</span>Törnquist, Mr. William Henry</td>
<td>Touma, Mrs. Hanna Youssef (née Razi)</td>
<td>Touma, Miss Marianna Youssef</td>
<td>Touma, Master Gerios (George) Youssef</td>
<td>Turja, Miss Anna Sofiia</td>
<td>Turkula, Mrs. Hedvig</td>
<td>Vartanian, Mr. Dawud</td>
<td>Wennerström, Mr. August Edvard Andersson</td>
<td>Wilkes, Mrs. Ellen</td>
<td>Yasbak, Mrs. Silanah Fa'ud (née Iskandar)</td>
<td>Zajib Qiyamah, Miss Adal "Jane"</td>
<td><i>Anderson, Mr. James</i></td>
<td><i>Anderson, Mr. John</i></td>
<td><i>Archer, Mr. Ernest Edward</i></td>
<td><i>Bailey, Mr. Joseph Henry</i></td>
<td><i>Brice, Mr. Walter T.</i></td>
<td><i>Bright, Mr. Arthur John</i></td>
<td><i>Buley, Mr. Edward John</i></td>
<td><i>Clench, Mr. Frederick</i></td>
<td><i><a href="/wiki/Alfred_Frank_Evans" title="Alfred Frank Evans">Evans, Mr. Alfred Frank</a></i></td>
<td><i>Evans, Mr. Frank Oliver</i></td>
<td><i><a href="/wiki/Frederick_Fleet" title="Frederick Fleet">Fleet, Mr. Frederick</a></i></td>
<td><i>Foley, Mr. John</i></td>
<td><i>Forward, Mr. James</i></td>
<td><i>Haines, Mr. Albert M.</i></td>
<td><i>Harder, Mr. William</i></td>
<td><i>Hemming, Mr. Samuel Ernest</i></td>
<td><i><a href="/wiki/Robert_Hichens_(RMS_Titanic)" title="Robert Hichens (RMS Titanic)" class="mw-redirect">Hichens, Mr. Robert</a></i></td>
<td><i>Hogg, Mr. George Alfred</i></td>
<td><i>Hopkins, Mr. Robert John</i></td>
<td><i>Horswill, Mr. Albert Edward James</i></td>
<td><i>Humphreys, Mr. Sidney James</i></td>
<td><i>Jewell, Mr. Archie</i></td>
<td><i>Jones, Mr. Thomas William</i></td>
<td><i><a href="/wiki/Reginald_Lee" title="Reginald Lee">Lee, Mr. Reginald Robinson</a></i></td>
<td><i>Lucas, Mr. William A.</i></td>
<td><i>McCarthy, Mr. William</i></td>
<td><i>McGough, Mr. James R.</i></td>
<td><i>Moore, Mr. George Alfred</i></td>
<td><i>Olliver, Mr. Alfred</i></td>
<td><i>Osman, Mr. Frank</i></td>
<td><i>Pascoe, Mr. Charles H.</i></td>
<td><i>Perkis, Mr. Walter John</i></td>
<td><i>Peters, Mr. William Chapman</i></td>
<td><i>Poingdestre, Mr. John Thomas</i></td>
<td><i>Rowe, Mr. George Thomas</i></td>
<td><i>Scarrott, Mr. Joseph George</i></td>
<td><i><a href="/wiki/George_Symons_(RMS_Titanic)" title="George Symons (RMS Titanic)" class="mw-redirect">Symons, Mr. George Thomas Macdonald</a></i></td>
<td><i>Thorley, Mr. Jonathon</i></td>
<td><i>Vigott, Mr. Philip Francis</i></td>
<td><i>Weller, Mr. William Clifford</i></td>
<td><i>Wynn, Mr. Walter</i></td>
<td><i>Allen, Mr. Ernest Frederick</i></td>
<td><i>Avery, Mr. James Frank</i></td>
<td><i>Barrett, Mr. Frederick</i></td>
<td><i>Beauchamp, Mr. George William</i></td>
<td><i>Binstead, Mr. Walter</i></td>
<td><i>Blake, Mr. Percival Albert</i></td>
<td><i>Cavell, Mr. George Henry</i></td>
<td><i>Clark, Mr. William</i></td>
<td><i>Collins, Mr. Samuel</i></td>
<td><i>Combes, Mr. George</i></td>
<td><i>Couper, Mr. Robert</i></td>
<td><i>Crimmins, Mr. James</i></td>
<td><i>Diaper, Mr. J.</i></td>
<td><i>Dilley, Mr. John</i></td>
<td><i>Dillon, Mr. Thomas Patrick</i></td>
<td><i>Doel, Mr. Frederick</i></td>
<td><i>Dore, Mr. A.</i></td>
<td><i>Dymond, Mr. Frank</i></td>
<td><i>Fitzpatrick, Mr. Charles W.N.</i></td>
<td><i>Flarty, Mr. Edward</i></td>
<td><i>Fredricks, Mr. Walter Francis</i></td>
<td><i>Fryer, Mr. Albert Ernest</i></td>
<td><i>Godley, Mr. George</i></td>
<td>Gradidge, Mr. Ernest E.</td>
<td><i>Hagan, Mr. John</i></td>
<td><i>Harris, Mr. Frederick</i></td>
<td><i>Hebb, Mr. A.</i></td>
<td><i>Hendrickson, Mr. Charles Osker</i></td>
<td><i>Hunt, Mr. Albert</i></td>
<td><i>Hurst, Walter</i></td>
<td><i>Judd, Mr. Charles E.</i></td>
<td><i>Kaspar, Mr. Franz V.</i></td>
<td><i>Kemish, Mr. George</i></td>
<td><i>Knowles, Mr. Thomas</i></td>
<td><i>Lindsay, Mr. William Charles</i></td>
<td><i>Major, Mr. William</i></td>
<td><i>Mason, Mr. Frank Archibald Robert</i></td>
<td><i>Mayzes, Mr. Thomas</i></td>
<td><i>McGann, Mr. James</i></td>
<td><i>McInytre, Mr. William</i></td>
<td><i>Moore, Mr. John J.</i></td>
<td><i>Murdock, Mr. William</i></td>
<td><i>Noss, Mr. Henry</i></td>
<td><i>Nutbean, Mr. William</i></td>
<td><i>O'Connor, Mr. John</i></td>
<td><i>Oliver, Mr. H.</i></td>
<td><i>Othen, Mr. Charles</i></td>
<td><i>Pearce, Mr. John</i></td>
<td><i>Pelham, Mr. George</i></td>
<td><i>Perry, Mr. Edgar Lionel</i></td>
<td><i>Podesta, Mr. John</i></td>
<td><i>Prangnell, Mr. George</i></td>
<td><i>Priest, Mr. Arthur J.</i></td>
<td><i>Pusey, Mr. William Robert Holland</i></td>
<td><i>Ranger, Mr. Thomas G.</i></td>
<td><i>Rice, Mr. Charles</i></td>
<td><i>Scott, Mr. Frederick</i></td>
<td><i>Self, Mr. Edward</i></td>
<td><i>Senior, Mr. Henry</i></td>
<td><a href="/wiki/Frederick_Sheath" title="Frederick Sheath" class="mw-redirect"><i>Sheath, Mr. Frederick</i></a></td>
<td><i>Shiers, Mr. Alfred</i></td>
<td><i>Snowberger, Mr. Eustace Philip</i></td>
<td><i>Sparkman, Mr. Henry</i></td>
<td><i>Street, Mr. Henry Albert</i></td>
<td><i>Taylor, Mr. James</i></td>
<td><i>Taylor, Mr. William Henry</i></td>
<td><i>Thompson, Mr. John William</i></td>
<td><i>Threlfall, Mr. Thomas</i></td>
<td><i>Thresher, Mr. George</i></td>
<td><i>Triggs, Mr. Robert</i></td>
<td><i>White, Mr. Alfred</i></td>
<td><i>White, Mr. William George</i></td>
<td><i>Baggott, Mr. Allen Marden</i></td>
<td><i>Ball, Mr. Percy</i></td>
<td><i>Bennett, Mrs. Mabel</i></td>
<td><i>Bliss, Mrs. Emma (née Junod)</i></td>
<td><i><a href="/wiki/Harold_Bride" title="Harold Bride">Bride, Mr. Harold Sydney</a></i></td>
<td><i>Brown, Mr. Edward</i></td>
<td><i>Burgess, Mr. Charles Reginald</i></td>
<td><i>Burke, Mr. William</i></td>
<td><i>Burrage, Mr. Alfred</i></td>
<td><i>Caton, Miss Annie</i></td>
<td><i>Chapman, Mr. Joseph Charles</i></td>
<td><i>Colgan, Mr. E. Joseph</i></td>
<td><i>Collins, Mr. John</i></td>
<td><i>Crafter, Mr. Frederick</i></td>
<td><i>Crawford, Mr. Alfred</i></td>
<td><i>Crowe, Mr. George Frederick</i></td>
<td><i>Cullen, Mr. Charles</i></td>
<td><i>Cunningham, Mr. Andrew</i></td>
<td><a href="/wiki/Sid_Daniels" title="Sid Daniels"><i>Daniels, Mr. Sidney Edward</i></a></td>
<td><i>Ellis, Mr. John Bertram</i></td>
<td><i>Etches, Mr. Henry Samuel</i></td>
<td><i>Faulkner, Mr. William Stephen</i></td>
<td><i>Foley, Mr. William C.</i></td>
<td><i>Gibbons, Mr. Jacob William</i></td>
<td><i>Gold, Mrs. Katherine (née Cook)</i></td>
<td><i>Gregson, Miss Mary</i></td>
<td><i>Guy, Mr. Edward John</i></td>
<td><i>Halford, Mr. Richard</i></td>
<td><i>Hardwick, Mr. Reginald</i></td>
<td><i>Hardy, Mr. John T.</i></td>
<td><i>Harrison, Mr. Aragon D.</i></td>
<td><i>Hart, Mr. John Edward</i></td>
<td><i>Hartnell, Mr. Frederick</i></td>
<td><i>Hyland, Mr. Leo James</i></td>
<td><i><a href="/wiki/Violet_Jessop" title="Violet Jessop">Jessop, Miss Violet Constance</a></i></td>
<td><i>Johnston, Mr. James</i></td>
<td><i><a href="/wiki/Charles_Joughin" title="Charles Joughin">Joughin, Mr. Charles John</a></i></td>
<td><i>Keen, Mr. Percy Edward</i></td>
<td><i>Knight, Mr. George</i></td>
<td><i>Lavington, Miss Bessie</i></td>
<td><i>Leather, Mrs Elizabeth May</i></td>
<td><i>Lewis, Mr. Arthur Ernest</i></td>
<td><i>Littlejohn, Mr. Alexander James</i></td>
<td><i>Lucas, Mr. William</i></td>
<td><i>Mackay, Mr. Charles Donald</i></td>
<td><i><a href="/wiki/Evelyn_Marsden" title="Evelyn Marsden">Marsden, Miss Evelyn</a></i></td>
<td><i>Martin, Mrs. Annie</i></td>
<td><i>Martin, Mr. F.</i></td>
<td><i>Maynard, Mr. Isaac Hiram</i></td>
<td><i>McLaren, Mrs.</i></td>
<td><i>McMicken, Mr. Arthur</i></td>
<td><i>Mills, Mr. Christopher</i></td>
<td><i>Morris, Mr. Frank Herbert</i></td>
<td><i>Neal, Mr. Henry</i></td>
<td><i>Nichols, Mr. Walter Henry</i></td>
<td><i>Pearcey, Mr. Albert Victor</i></td>
<td><i>Pfropper, Mr. Richard</i></td>
<td><i>Phillimore, Mr. Harold Charles William</i></td>
<td><i>Port, Mr. Frank</i></td>
<td><i>Prentice, Mr. Frank Winnold</i></td>
<td><i>Prichard, Mrs. Alice</i></td>
<td><i>Prior, Mr. Harold John</i></td>
<td><i>Pugh, Mr. Alfred</i></td>
<td><i>Ray, Mr. Frederick Dent</i></td>
<td><i>Roberts, Mrs. Mary Kezziah (née Humphrys)</i></td>
<td><i>Robinson, Mrs. Annie</i></td>
<td><i>Ross, Mr. Horace Leopold</i></td>
<td><i>Rule, Mr. Samuel James</i></td>
<td><i>Ryerson, Mr. William Edwy</i></td>
<td><i>Savage, Mr. Charles J.</i></td>
<td>Sloan, Miss Mary</td>
<td>Slocombe, Mrs Maud (née Waldon)</td>
<td>Stap, Miss Sarah Agnes</td>
<td><i>Ward, Mr. William</i></td>
<td>Weikman, Mr. Augustus Henry</td>
<td><i>Whiteley, Mr. Thomas</i></td>
<td><i>Widgery, Mr. James G.</i></td>
<td><i>Wildebank, Mr. Alfred E.</i></td>
<td><i>Williams, Mr. Walter J.</i></td>
<td><i>Witter, Mr. James W.C.</i></td>
<td><i>Wright, Mr. William</i></td>
<td><i>Yearsley, Mr. Harry</i></td>
<td><i>Bowker, Miss Ruth</i></td>
<td><i>Martin, Miss Margaret Edwina "Mabel"</i></td>
<td><i>Maugé, Mr. Paul Achille Maurice Germain</i></td>
